// Jest Snapshot v1, https://goo.gl/fbAQLP

exports[`<Input /> matches snapshot with default input 1`] = `
<DocumentFragment>
  <label
    class="flex items-center gap-1 text-sm leading-none font-medium select-none group-data-[disabled=true]:pointer-events-none group-data-[disabled=true]:opacity-50 peer-disabled:cursor-not-allowed peer-disabled:opacity-50 mb-2 text-[12px] font-normal flex flex-col items-start xl:text-base"
    data-slot="label"
    data-testid="label"
  >
    <div
      class="text-left w-full flex justify-between items-end"
    >
      <span />
    </div>
    <input
      class="file:text-foreground placeholder:text-[#B3B3B3] selection:bg-primary selection:text-primary-foreground dark:bg-input/30 border-black border-[1px] flex text-[10px] w-full min-w-32  bg-transparent text-base shadow-xs transition-[color,box-shadow] outline-none file:inline-flex file:h-7 file:border-0 file:bg-transparent file:text-sm file:font-medium disabled:pointer-events-none disabled:border-[#999] disabled:cursor-not-allowed disabled:opacity-50 p-[5px] focus-visible:border-ring focus-visible:ring-ring/50 focus-visible:ring-[2px] aria-invalid:ring-destructive/20 dark:aria-invalid:ring-destructive/40 aria-invalid:border-destructive 2sm:p-3 2sm:text-base xl:p-4 2sm:text-3xl xl:border-2"
      data-slot="input"
      data-testid="input"
    />
  </label>
</DocumentFragment>
`;

exports[`<Input /> matches snapshot with disabled 1`] = `
<DocumentFragment>
  <label
    class="flex items-center gap-1 text-sm leading-none font-medium select-none group-data-[disabled=true]:pointer-events-none group-data-[disabled=true]:opacity-50 peer-disabled:cursor-not-allowed peer-disabled:opacity-50 mb-2 text-[12px] font-normal flex flex-col items-start xl:text-base"
    data-slot="label"
    data-testid="label"
  >
    <div
      class="text-left w-full flex justify-between items-end"
    >
      <span />
    </div>
    <input
      class="file:text-foreground placeholder:text-[#B3B3B3] selection:bg-primary selection:text-primary-foreground dark:bg-input/30 border-black border-[1px] flex text-[10px] w-full min-w-32  bg-transparent text-base shadow-xs transition-[color,box-shadow] outline-none file:inline-flex file:h-7 file:border-0 file:bg-transparent file:text-sm file:font-medium disabled:pointer-events-none disabled:border-[#999] disabled:cursor-not-allowed disabled:opacity-50 p-[5px] focus-visible:border-ring focus-visible:ring-ring/50 focus-visible:ring-[2px] aria-invalid:ring-destructive/20 dark:aria-invalid:ring-destructive/40 aria-invalid:border-destructive 2sm:p-3 2sm:text-base xl:p-4 2sm:text-3xl xl:border-2"
      data-slot="input"
      data-testid="input"
      disabled=""
    />
  </label>
</DocumentFragment>
`;

exports[`<Input /> matches snapshot with error 1`] = `
<DocumentFragment>
  <label
    class="flex items-center gap-1 text-sm leading-none font-medium select-none group-data-[disabled=true]:pointer-events-none group-data-[disabled=true]:opacity-50 peer-disabled:cursor-not-allowed peer-disabled:opacity-50 mb-2 text-[12px] font-normal flex flex-col items-start xl:text-base"
    data-slot="label"
    data-testid="label"
  >
    <div
      class="text-left w-full flex justify-between items-end"
    >
      <span />
      <span
        class="ml-2 text-end text-red-400 text-[12px] xl:text-[14px]"
      >
        Ошибка
      </span>
    </div>
    <input
      class="file:text-foreground placeholder:text-[#B3B3B3] selection:bg-primary selection:text-primary-foreground dark:bg-input/30 border-black border-[1px] flex text-[10px] w-full min-w-32  bg-transparent text-base shadow-xs transition-[color,box-shadow] outline-none file:inline-flex file:h-7 file:border-0 file:bg-transparent file:text-sm file:font-medium disabled:pointer-events-none disabled:border-[#999] disabled:cursor-not-allowed disabled:opacity-50 p-[5px] focus-visible:border-ring focus-visible:ring-ring/50 focus-visible:ring-[2px] aria-invalid:ring-destructive/20 dark:aria-invalid:ring-destructive/40 aria-invalid:border-destructive 2sm:p-3 2sm:text-base xl:p-4 2sm:text-3xl xl:border-2"
      data-slot="input"
      data-testid="input"
    />
  </label>
</DocumentFragment>
`;

exports[`<Input /> matches snapshot with label and required 1`] = `
<DocumentFragment>
  <label
    class="flex items-center gap-1 text-sm leading-none font-medium select-none group-data-[disabled=true]:pointer-events-none group-data-[disabled=true]:opacity-50 peer-disabled:cursor-not-allowed peer-disabled:opacity-50 mb-2 text-[12px] font-normal flex flex-col items-start xl:text-base"
    data-slot="label"
    data-testid="label"
  >
    <div
      class="text-left w-full flex justify-between items-end"
    >
      <span>
        <span
          class="text-red-400"
          data-testid="required-mark"
        >
          *
        </span>
        Имя
      </span>
    </div>
    <input
      class="file:text-foreground placeholder:text-[#B3B3B3] selection:bg-primary selection:text-primary-foreground dark:bg-input/30 border-black border-[1px] flex text-[10px] w-full min-w-32  bg-transparent text-base shadow-xs transition-[color,box-shadow] outline-none file:inline-flex file:h-7 file:border-0 file:bg-transparent file:text-sm file:font-medium disabled:pointer-events-none disabled:border-[#999] disabled:cursor-not-allowed disabled:opacity-50 p-[5px] focus-visible:border-ring focus-visible:ring-ring/50 focus-visible:ring-[2px] aria-invalid:ring-destructive/20 dark:aria-invalid:ring-destructive/40 aria-invalid:border-destructive 2sm:p-3 2sm:text-base xl:p-4 2sm:text-3xl xl:border-2"
      data-slot="input"
      data-testid="input"
      required=""
    />
  </label>
</DocumentFragment>
`;
